Copyright 1986-2021 Xilinx, Inc. All Rights Reserved.
------------------------------------------------------------------------------------
| Tool Version : Vivado v.2021.1 (win64) Build 3247384 Thu Jun 10 19:36:33 MDT 2021
| Date         : Mon Mar  9 16:55:56 2026
| Host         : DESKTOP-PQ1PAHT running 64-bit major release  (build 9200)
| Command      : report_control_sets -verbose -file top_control_sets_placed.rpt
| Design       : top
| Device       : xc7a35t
------------------------------------------------------------------------------------

Control Set Information

Table of Contents
-----------------
1. Summary
2. Histogram
3. Flip-Flop Distribution
4. Detailed Control Set Information

1. Summary
----------

+----------------------------------------------------------+-------+
|                          Status                          | Count |
+----------------------------------------------------------+-------+
| Total control sets                                       |    30 |
|    Minimum number of control sets                        |    30 |
|    Addition due to synthesis replication                 |     0 |
|    Addition due to physical synthesis replication        |     0 |
| Unused register locations in slices containing registers |    93 |
+----------------------------------------------------------+-------+
* Control sets can be merged at opt_design using control_set_merge or merge_equivalent_drivers
** Run report_qor_suggestions for automated merging and remapping suggestions


2. Histogram
------------

+--------------------+-------+
|       Fanout       | Count |
+--------------------+-------+
| Total control sets |    30 |
| >= 0 to < 4        |     7 |
| >= 4 to < 6        |     5 |
| >= 6 to < 8        |     7 |
| >= 8 to < 10       |     3 |
| >= 10 to < 12      |     1 |
| >= 12 to < 14      |     0 |
| >= 14 to < 16      |     0 |
| >= 16              |     7 |
+--------------------+-------+
* Control sets can be remapped at either synth_design or opt_design


3. Flip-Flop Distribution
-------------------------

+--------------+-----------------------+------------------------+-----------------+--------------+
| Clock Enable | Synchronous Set/Reset | Asynchronous Set/Reset | Total Registers | Total Slices |
+--------------+-----------------------+------------------------+-----------------+--------------+
| No           | No                    | No                     |              10 |            6 |
| No           | No                    | Yes                    |             211 |           62 |
| No           | Yes                   | No                     |               0 |            0 |
| Yes          | No                    | No                     |               0 |            0 |
| Yes          | No                    | Yes                    |             216 |           69 |
| Yes          | Yes                   | No                     |              22 |            7 |
+--------------+-----------------------+------------------------+-----------------+--------------+


4. Detailed Control Set Information
-----------------------------------

+----------------+---------------------------------------------------------------+--------------------------------------------------+------------------+----------------+--------------+
|  Clock Signal  |                         Enable Signal                         |                 Set/Reset Signal                 | Slice Load Count | Bel Load Count | Bels / Slice |
+----------------+---------------------------------------------------------------+--------------------------------------------------+------------------+----------------+--------------+
|  clk_IBUF_BUFG | u_ds1302/u_ds1302_main_logic/ce_i_1_n_0                       | reset_IBUF                                       |                1 |              1 |         1.00 |
|  clk_IBUF_BUFG | u_ds1302/u_ds1302_main_logic/sclk_i_1_n_0                     | reset_IBUF                                       |                1 |              1 |         1.00 |
|  clk_IBUF_BUFG | u_btn_debounce/U_debouncer_btnL/btn_state                     | reset_IBUF                                       |                1 |              1 |         1.00 |
|  clk_IBUF_BUFG | u_btn_debounce/U_debouncer_key/btn_state                      | reset_IBUF                                       |                1 |              1 |         1.00 |
|  clk_IBUF_BUFG | u_btn_debounce/U_debouncer_s1/btn_state                       | reset_IBUF                                       |                1 |              1 |         1.00 |
|  clk_IBUF_BUFG | u_btn_debounce/U_debouncer_s2/btn_state                       | reset_IBUF                                       |                1 |              1 |         1.00 |
|  clk_IBUF_BUFG | u_uart_controller/u_uart_tx/tx_i_1_n_0                        | reset_IBUF                                       |                1 |              1 |         1.00 |
|  clk_IBUF_BUFG | u_ds1302/u_ds1302_main_logic/bit_cnt[3]_i_1_n_0               | reset_IBUF                                       |                2 |              4 |         2.00 |
|  clk_IBUF_BUFG | u_uart_controller/u_uart_tx/r_bit_cnt                         | reset_IBUF                                       |                1 |              4 |         4.00 |
|  clk_IBUF_BUFG | u_ds1302/u_ds1302_main_logic/cmd_reg0                         | reset_IBUF                                       |                1 |              5 |         5.00 |
|  clk_IBUF_BUFG | u_ds1302/u_ds1302_main_logic/o_month0                         | reset_IBUF                                       |                2 |              5 |         2.50 |
|  clk_IBUF_BUFG | u_uart_controller/u_data_sender/byte_cnt                      | reset_IBUF                                       |                1 |              5 |         5.00 |
|  clk_IBUF_BUFG | u_ds1302/u_ds1302_main_logic/o_day0                           | reset_IBUF                                       |                3 |              6 |         2.00 |
|  clk_IBUF_BUFG | u_ds1302/u_ds1302_main_logic/o_hour0                          | reset_IBUF                                       |                2 |              6 |         3.00 |
|  clk_IBUF_BUFG | u_dht_controller/u_dht11_main_logic/data_bit_cnt[5]_i_1_n_0   | reset_IBUF                                       |                2 |              6 |         3.00 |
|  clk_IBUF_BUFG | u_ds1302/u_ds1302_main_logic/o_min0                           | reset_IBUF                                       |                3 |              7 |         2.33 |
|  clk_IBUF_BUFG | u_ds1302/u_ds1302_main_logic/o_sec0                           | reset_IBUF                                       |                2 |              7 |         3.50 |
|  clk_IBUF_BUFG | u_uart_controller/u_data_sender/tx_data[6]_i_1_n_0            | reset_IBUF                                       |                4 |              7 |         1.75 |
|  clk_IBUF_BUFG | u_uart_controller/u_uart_tx/r_data                            | reset_IBUF                                       |                2 |              7 |         3.50 |
|  clk_IBUF_BUFG | u_ds1302/u_ds1302_main_logic/o_year0                          | reset_IBUF                                       |                3 |              8 |         2.67 |
|  clk_IBUF_BUFG | u_alarm_controller/alarm_hour[7]_i_1_n_0                      | reset_IBUF                                       |                3 |              8 |         2.67 |
|  clk_IBUF_BUFG | u_alarm_controller/alarm_min[7]_i_1_n_0                       | reset_IBUF                                       |                3 |              8 |         2.67 |
|  clk_IBUF_BUFG |                                                               |                                                  |                6 |             10 |         1.67 |
|  clk_IBUF_BUFG | u_dht_controller/u_dht11_main_logic/high_time_cnt[15]_i_1_n_0 | reset_IBUF                                       |                4 |             16 |         4.00 |
|  clk_IBUF_BUFG | u_dht_controller/u_dht11_main_logic/hum_int[7]_i_1_n_0        | reset_IBUF                                       |                4 |             16 |         4.00 |
|  clk_IBUF_BUFG | u_ds1302/u_ds1302_main_logic/counter_0                        | u_ds1302/u_ds1302_main_logic/counter[21]_i_1_n_0 |                7 |             22 |         3.14 |
|  clk_IBUF_BUFG | u_dht_controller/u_dht11_main_logic/counter[21]_i_1_n_0       | reset_IBUF                                       |                5 |             22 |         4.40 |
|  clk_IBUF_BUFG | u_alarm_controller/tone_cnt[21]_i_1_n_0                       | reset_IBUF                                       |                5 |             22 |         4.40 |
|  clk_IBUF_BUFG | u_dht_controller/u_dht11_main_logic/data[39]_i_1_n_0          | reset_IBUF                                       |               10 |             40 |         4.00 |
|  clk_IBUF_BUFG |                                                               | reset_IBUF                                       |               62 |            211 |         3.40 |
+----------------+---------------------------------------------------------------+--------------------------------------------------+------------------+----------------+--------------+


